2026-10-01 18:57:56,422 - INFO - Starting S&P 500 standard deviation check...
2026-10-01 18:57:56,735 - INFO - ==================================================
2026-10-01 18:57:56,735 - INFO - S&P 500 Standard Deviation Analysis
2026-10-01 18:57:56,735 - INFO - ==================================================
2026-10-01 18:57:56,735 - INFO - Date: 2026-10-01
2026-10-01 18:57:56,735 - INFO - Current S&P 500 Price: $7674.22
2026-10-01 18:57:56,736 - INFO - 200-Day Moving Average: $7221.33
2026-10-01 18:57:56,736 - INFO - 200-Day Standard Deviation: $380.61
2026-10-01 18:57:56,736 - INFO - Standard Deviations from Mean: 1.19
2026-10-01 18:57:56,736 - INFO - Direction: above average
2026-10-01 18:57:56,736 - INFO - ✅ Normal: S&P 500 is within 2 standard deviations
2026-10-01 18:57:56,736 - INFO - ==================================================
2026-10-01 18:57:56,736 - INFO - Creating interactive plot...
2026-10-01 18:57:56,909 - INFO - Creating HTML dashboard...
2026-10-01 18:57:57,002 - INFO - HTML dashboard created: sp500_dashboard.html
2026-10-01 18:57:57,051 - INFO - Interactive plot saved: sp500_interactive.html
2026-10-01 18:57:57,051 - INFO - Creating static plot...
2026-10-01 18:57:57,839 - INFO - Static plot saved: sp500_analysis.png
2026-10-01 18:57:57,839 - INFO - Results saved to sp500_analysis.json
2026-10-01 18:57:57,839 - INFO - Analysis complete with visualizations.
